// Jest Snapshot v1, https://goo.gl/fbAQLP

exports[`AuthLinks It renders the same UI 1`] = `
Array [
  <li
    className="nav-item d-flex align-items-center justify-content-between"
  >
    <div
      className="bg-white  rounded rounded-circle"
    >
      <img
        alt="roland"
        className="user-avatar"
        src="user.png"
      />
    </div>
    <h4
      className="text-white ml-2"
    >
      roland
    </h4>
  </li>,
  <li
    className="nav-item"
  >
    <button
      className="nav-link text-light btn-link"
      onClick={[MockFunction]}
    >
      Logout
    </button>
  </li>,
]
`;
